{
  "contents" : "This is my contents",
  "format" : "MARKDOWN",
  "item_identifier" : "vault.item.secure-note.v1",
  "title" : "Hello world"
}