{
  "created" : 12345000,
  "items" : [

  ],
  "user_description" : "my description",
  "version" : "1.0"
}