{
  "created" : 12345000,
  "items" : [
    {
      "created_date" : 12345000,
      "id" : "A5950174-2106-4251-BD73-58B8D39F77F3",
      "item" : {
        "note" : {
          "data" : {
            "format" : "PLAIN",
            "raw_contents" : "contents of note",
            "title" : "Hello world"
          }
        }
      },
      "killphrase" : "killme",
      "lock_state" : "NOT_LOCKED",
      "relative_order" : 0,
      "search_passphrase" : "searchphrase",
      "searchable_level" : "FULL",
      "tags" : [

      ],
      "updated_date" : 13579000,
      "user_description" : "",
      "visibility" : "ALWAYS"
    },
    {
      "created_date" : 45658000,
      "id" : "29808EAD-3727-4FF6-9B01-C5506BBDC409",
      "item" : {
        "note" : {
          "data" : {
            "format" : "MARKDOWN",
            "raw_contents" : "contents",
            "title" : "Hello world again"
          }
        }
      },
      "lock_state" : "LOCKED_NATIVE",
      "relative_order" : 666,
      "searchable_level" : "NONE",
      "tags" : [
        "493DF342-E537-4722-B6DC-6430A1413E34"
      ],
      "updated_date" : 46892000,
      "user_description" : "",
      "visibility" : "ALWAYS"
    },
    {
      "created_date" : 345652348000,
      "id" : "EF0849B7-C070-491B-A31B-51A11AEA26F4",
      "item" : {
        "otp" : {
          "data" : {
            "account_name" : "acc",
            "algorithm" : "algo",
            "auth_type" : "authtype",
            "counter" : 456,
            "digits" : 789,
            "issuer" : "iss",
            "period" : 123,
            "secret_data" : "\/v7+\/v7+\/v7+\/v7+\/v7+\/v7+\/v4=",
            "secret_format" : "any"
          }
        }
      },
      "killphrase" : "kill3",
      "lock_state" : "NOT_LOCKED",
      "relative_order" : 9999,
      "search_passphrase" : "search3",
      "searchable_level" : "ONLY_TITLE",
      "tags" : [
        "493DF342-E537-4722-B6DC-6430A1413E34"
      ],
      "tint_color" : {
        "blue" : 0.3,
        "green" : 0.2,
        "red" : 0.1
      },
      "updated_date" : 345652448000,
      "user_description" : "",
      "visibility" : "ONLY_SEARCH"
    },
    {
      "created_date" : 375652348000,
      "id" : "A5950174-2106-4251-BD73-58B8D39F77F3",
      "item" : {
        "encrypted" : {
          "data" : {
            "authentication" : "CQkJCQkJCQkJCQkJCQkJCQk=",
            "data" : "7u7u7u7u7u7u7u7u7u7u7u7u7u7u7u7u7u7u7u7u7u7u7u7u7u7u7u7u7u7u7u7u7u7u7u7u7u7u7u7u7u7u7u7u7u7u7u7u7u7u7u7u7u7u7u7u7u7u7u7u7u7u7u7u7u7u7u7u7u7u7u7u7u7u7u7u7u7u7u7u7u7u7u7u7u7u7u7u7u7u7u7u7u7u7u7u7u7u7u7u7u7u7u7u7u7u7u7u7u7u7u7u7u7u7u7u7u7u7u7u7u7u7u7u7u7u7u7u7u7u7u7u7u7u7u7u7u7u7u7u7u7u7u7u7u7u7u7u7u7u7u7u7u7u7u7u7u7u7u7u7u7u7u7u7u7u7u7u7u7u7u7u7u7u7u7u7u7u7u7u7u7u7u7u7u7u7u7u7u7u7u7u7u7u7u7u7u7u7u7u",
            "encryption_iv" : "lJSUlJSUlJSUlJSUlJSUlJSUlJSUlJSU",
            "keygen_salt" : "ZWVlZWVlZWVlZWVlZWVlZWVlZWVlZWVlZWVlZWVl",
            "keygen_signature" : "this is test sig",
            "title" : "this is my title",
            "version" : "2.0.3"
          }
        }
      },
      "killphrase" : "kill",
      "lock_state" : "NOT_LOCKED",
      "relative_order" : 1000,
      "search_passphrase" : "passphrase",
      "searchable_level" : "FULL",
      "tags" : [
        "DCABE94A-C194-49AA-B709-7221DAD253AB"
      ],
      "tint_color" : {
        "blue" : 0.3,
        "green" : 0.2,
        "red" : 0.1
      },
      "updated_date" : 375659348000,
      "user_description" : "",
      "visibility" : "ALWAYS"
    }
  ],
  "obfuscation_padding" : "q6urCg==",
  "tags" : [

  ],
  "user_description" : "my description again",
  "version" : "1.0.0"
}