{
  "created" : 12345000,
  "items" : [
    {
      "created_date" : 12345000,
      "id" : "A5950174-2106-4251-BD73-58B8D39F77F3",
      "item" : {
        "encrypted" : {
          "data" : {
            "authentication" : "AgICAgICAgICAgICAgICAgI=",
            "data" : "\/v7+\/v7+\/v7+\/v7+\/v7+\/v7+\/v7+\/v7+\/v7+\/v7+\/v7+\/v7+\/v7+\/v7+\/v7+\/v7+\/v7+\/v7+\/v7+\/v7+\/v7+\/v7+\/v7+\/v7+\/v7+\/v7+\/v7+\/v7+\/v7+\/v7+\/v7+\/v7+\/v7+\/v7+\/v7+\/v7+\/v7+\/v7+\/v7+\/v7+\/v7+\/v7+\/v7+\/v7+\/v7+\/v7+\/v7+\/v7+\/v7+\/v7+\/v7+\/v7+\/v7+\/v7+\/v7+\/v7+\/v7+\/v7+\/v7+\/v7+\/v7+\/v7+\/v7+\/v7+\/v7+\/v7+\/v7+\/v7+\/v7+\/v7+\/v7+\/v7+\/v7+\/v7+\/v7+\/v7+\/v7+\/v7+\/v7+\/v7+\/v7+\/v7+\/v7+\/v7+\/v7+\/v7+\/v7+\/v7+\/v7+\/v7+\/v7+\/v7+\/v7+\/v7+\/v7+\/v7+\/v7+\/v7+\/v7+\/v7+",
            "encryption_iv" : "BAQEBAQEBAQEBAQEBAQEBAQEBAQEBAQE",
            "keygen_salt" : "BQUFBQUFBQUFBQUFBQUFBQUFBQUFBQUFBQUFBQUF",
            "keygen_signature" : "this is test sig",
            "version" : "2.0.3"
          }
        }
      },
      "killphrase" : "kill",
      "lock_state" : "NOT_LOCKED",
      "relative_order" : 1000,
      "search_passphrase" : "passphrase",
      "searchable_level" : "FULL",
      "tags" : [
        "DCABE94A-C194-49AA-B709-7221DAD253AB"
      ],
      "tint_color" : {
        "blue" : 0.3,
        "green" : 0.2,
        "red" : 0.1
      },
      "updated_date" : 19345000,
      "user_description" : "",
      "visibility" : "ALWAYS"
    }
  ],
  "obfuscation_padding" : "q6urCg==",
  "tags" : [

  ],
  "user_description" : "Example vault with a single encrypted item",
  "version" : "1.0.0"
}