{
  "created" : 12345000,
  "items" : [
    {
      "created_date" : 12345000,
      "id" : "A5950174-2106-4251-BD73-58B8D39F77F3",
      "item" : {
        "note" : {
          "data" : {
            "raw_contents" : "contents of note",
            "title" : "Hello world"
          }
        }
      },
      "search_passphrase" : "searchphrase",
      "searchable_level" : "FULL",
      "updated_date" : 13579000,
      "user_description" : "",
      "visibility" : "ALWAYS"
    },
    {
      "created_date" : 45658000,
      "id" : "29808EAD-3727-4FF6-9B01-C5506BBDC409",
      "item" : {
        "note" : {
          "data" : {
            "title" : "Hello world again"
          }
        }
      },
      "searchable_level" : "NONE",
      "updated_date" : 46892000,
      "user_description" : "",
      "visibility" : "ALWAYS"
    },
    {
      "created_date" : 345652348000,
      "id" : "EF0849B7-C070-491B-A31B-51A11AEA26F4",
      "item" : {
        "otp" : {
          "data" : {
            "account_name" : "acc",
            "algorithm" : "algo",
            "auth_type" : "authtype",
            "counter" : 456,
            "digits" : 789,
            "issuer" : "iss",
            "period" : 123,
            "secret_data" : "\/v7+\/v7+\/v7+\/v7+\/v7+\/v7+\/v4=",
            "secret_format" : "any"
          }
        }
      },
      "searchable_level" : "ONLY_TITLE",
      "tint_color" : {
        "blue" : 0.3,
        "green" : 0.2,
        "red" : 0.1
      },
      "updated_date" : 345652448000,
      "user_description" : "",
      "visibility" : "ONLY_SEARCH"
    }
  ],
  "obfuscation_padding" : "q6urCg==",
  "user_description" : "my description again",
  "version" : "1.0.0"
}