{
  "created" : 12345000,
  "items" : [

  ],
  "obfuscation_padding" : "q6urCg==",
  "user_description" : "my description",
  "version" : "1.0"
}