{
  "created" : 12345000,
  "items" : [
    {
      "created_date" : 12345000,
      "id" : "A5950174-2106-4251-BD73-58B8D39F77F3",
      "item" : {
        "note" : {
          "data" : {
            "raw_contents" : "Example note",
            "title" : "Example Note"
          }
        }
      },
      "tint_color" : {
        "blue" : 0.3,
        "green" : 0.2,
        "red" : 0.1
      },
      "updated_date" : 19345000
    }
  ],
  "obfuscation_padding" : "q6urCg==",
  "user_description" : "Example vault with a single note",
  "version" : "1.0"
}