{
  "created" : 12345000,
  "items" : [
    {
      "created_date" : 12345000,
      "id" : "A5950174-2106-4251-BD73-58B8D39F77F3",
      "item" : {
        "otp" : {
          "data" : {
            "account_name" : "acc",
            "algorithm" : "algo",
            "auth_type" : "authtype",
            "counter" : 456,
            "digits" : 789,
            "issuer" : "iss",
            "period" : 123,
            "secret_data" : "QUFBQUFBQUFBQUFBQUFBQUFBQUE=",
            "secret_format" : "any"
          }
        }
      },
      "tint_color" : {
        "blue" : 0.3,
        "green" : 0.2,
        "red" : 0.1
      },
      "updated_date" : 12445000,
      "user_description" : ""
    }
  ],
  "obfuscation_padding" : "q6urCg==",
  "user_description" : "Example vault with a single otp code",
  "version" : "1.0.0"
}